Archive member included to satisfy reference by file (symbol)

c:/program files (x86)/atmel/studio/7.0/toolchain/arm/arm-gnu-toolchain/bin/../lib/gcc/arm-none-eabi/5.3.1/../../../../arm-none-eabi/lib/armv7-m\libc.a(lib_a-exit.o)
                              c:/program files (x86)/atmel/studio/7.0/toolchain/arm/arm-gnu-toolchain/bin/../lib/gcc/arm-none-eabi/5.3.1/../../../../arm-none-eabi/lib/armv7-m/crt0.o (exit)
c:/program files (x86)/atmel/studio/7.0/toolchain/arm/arm-gnu-toolchain/bin/../lib/gcc/arm-none-eabi/5.3.1/../../../../arm-none-eabi/lib/armv7-m\libc.a(lib_a-impure.o)
                              c:/program files (x86)/atmel/studio/7.0/toolchain/arm/arm-gnu-toolchain/bin/../lib/gcc/arm-none-eabi/5.3.1/../../../../arm-none-eabi/lib/armv7-m\libc.a(lib_a-exit.o) (_global_impure_ptr)
c:/program files (x86)/atmel/studio/7.0/toolchain/arm/arm-gnu-toolchain/bin/../lib/gcc/arm-none-eabi/5.3.1/../../../../arm-none-eabi/lib/armv7-m\libc.a(lib_a-init.o)
                              c:/program files (x86)/atmel/studio/7.0/toolchain/arm/arm-gnu-toolchain/bin/../lib/gcc/arm-none-eabi/5.3.1/../../../../arm-none-eabi/lib/armv7-m/crt0.o (__libc_init_array)
c:/program files (x86)/atmel/studio/7.0/toolchain/arm/arm-gnu-toolchain/bin/../lib/gcc/arm-none-eabi/5.3.1/../../../../arm-none-eabi/lib/armv7-m\libc.a(lib_a-memset.o)
                              c:/program files (x86)/atmel/studio/7.0/toolchain/arm/arm-gnu-toolchain/bin/../lib/gcc/arm-none-eabi/5.3.1/../../../../arm-none-eabi/lib/armv7-m/crt0.o (memset)
c:/program files (x86)/atmel/studio/7.0/toolchain/arm/arm-gnu-toolchain/bin/../lib/gcc/arm-none-eabi/5.3.1/../../../../arm-none-eabi/lib/armv7-m\libc.a(lib_a-__call_atexit.o)
                              c:/program files (x86)/atmel/studio/7.0/toolchain/arm/arm-gnu-toolchain/bin/../lib/gcc/arm-none-eabi/5.3.1/../../../../arm-none-eabi/lib/armv7-m\libc.a(lib_a-exit.o) (__call_exitprocs)
c:/program files (x86)/atmel/studio/7.0/toolchain/arm/arm-gnu-toolchain/bin/../lib/gcc/arm-none-eabi/5.3.1/../../../../arm-none-eabi/lib/armv7-m\libc.a(lib_a-atexit.o)
                              c:/program files (x86)/atmel/studio/7.0/toolchain/arm/arm-gnu-toolchain/bin/../lib/gcc/arm-none-eabi/5.3.1/../../../../arm-none-eabi/lib/armv7-m\libc.a(lib_a-__call_atexit.o) (atexit)
c:/program files (x86)/atmel/studio/7.0/toolchain/arm/arm-gnu-toolchain/bin/../lib/gcc/arm-none-eabi/5.3.1/../../../../arm-none-eabi/lib/armv7-m\libc.a(lib_a-fini.o)
                              c:/program files (x86)/atmel/studio/7.0/toolchain/arm/arm-gnu-toolchain/bin/../lib/gcc/arm-none-eabi/5.3.1/../../../../arm-none-eabi/lib/armv7-m\libc.a(lib_a-__call_atexit.o) (__libc_fini_array)
c:/program files (x86)/atmel/studio/7.0/toolchain/arm/arm-gnu-toolchain/bin/../lib/gcc/arm-none-eabi/5.3.1/../../../../arm-none-eabi/lib/armv7-m\libc.a(lib_a-__atexit.o)
                              c:/program files (x86)/atmel/studio/7.0/toolchain/arm/arm-gnu-toolchain/bin/../lib/gcc/arm-none-eabi/5.3.1/../../../../arm-none-eabi/lib/armv7-m\libc.a(lib_a-atexit.o) (__register_exitproc)

Allocating common symbols
Common symbol       size              file

can1_mailbox        0x20              src/can_driver.o
setup_mb            0x4               src/can_driver.o
tx_mb               0x4               src/can_driver.o
can0_mailbox        0x20              src/can_driver.o

Discarded input sections

 .text          0x00000000        0x0 c:/program files (x86)/atmel/studio/7.0/toolchain/arm/arm-gnu-toolchain/bin/../lib/gcc/arm-none-eabi/5.3.1/armv7-m/crti.o
 .data          0x00000000        0x0 c:/program files (x86)/atmel/studio/7.0/toolchain/arm/arm-gnu-toolchain/bin/../lib/gcc/arm-none-eabi/5.3.1/armv7-m/crti.o
 .bss           0x00000000        0x0 c:/program files (x86)/atmel/studio/7.0/toolchain/arm/arm-gnu-toolchain/bin/../lib/gcc/arm-none-eabi/5.3.1/armv7-m/crti.o
 .data          0x00000000        0x4 c:/program files (x86)/atmel/studio/7.0/toolchain/arm/arm-gnu-toolchain/bin/../lib/gcc/arm-none-eabi/5.3.1/armv7-m/crtbegin.o
 .text          0x00000000       0x74 c:/program files (x86)/atmel/studio/7.0/toolchain/arm/arm-gnu-toolchain/bin/../lib/gcc/arm-none-eabi/5.3.1/../../../../arm-none-eabi/lib/armv7-m/crt0.o
 .data          0x00000000        0x0 c:/program files (x86)/atmel/studio/7.0/toolchain/arm/arm-gnu-toolchain/bin/../lib/gcc/arm-none-eabi/5.3.1/../../../../arm-none-eabi/lib/armv7-m/crt0.o
 .bss           0x00000000        0x0 c:/program files (x86)/atmel/studio/7.0/toolchain/arm/arm-gnu-toolchain/bin/../lib/gcc/arm-none-eabi/5.3.1/../../../../arm-none-eabi/lib/armv7-m/crt0.o
 .ARM.extab     0x00000000        0x0 c:/program files (x86)/atmel/studio/7.0/toolchain/arm/arm-gnu-toolchain/bin/../lib/gcc/arm-none-eabi/5.3.1/../../../../arm-none-eabi/lib/armv7-m/crt0.o
 .ARM.exidx     0x00000000        0x8 c:/program files (x86)/atmel/studio/7.0/toolchain/arm/arm-gnu-toolchain/bin/../lib/gcc/arm-none-eabi/5.3.1/../../../../arm-none-eabi/lib/armv7-m/crt0.o
[...]
Memory Configuration

Name             Origin             Length             Attributes
rom              0x00080000         0x00080000         xr
sram0            0x20000000         0x00010000         xrw
sram1            0x20080000         0x00008000         xrw
ram              0x20070000         0x00018000         xrw
*default*        0x00000000         0xffffffff

Linker script and memory map

LOAD c:/program files (x86)/atmel/studio/7.0/toolchain/arm/arm-gnu-toolchain/bin/../lib/gcc/arm-none-eabi/5.3.1/armv7-m/crti.o
LOAD c:/program files (x86)/atmel/studio/7.0/toolchain/arm/arm-gnu-toolchain/bin/../lib/gcc/arm-none-eabi/5.3.1/armv7-m/crtbegin.o
LOAD c:/program files (x86)/atmel/studio/7.0/toolchain/arm/arm-gnu-toolchain/bin/../lib/gcc/arm-none-eabi/5.3.1/../../../../arm-none-eabi/lib/armv7-m/crt0.o
LOAD src/ASF/sam/components/can/sn65hvd234.o
LOAD src/queues.o
LOAD src/ASF/sam/drivers/can/can.o
LOAD src/can_driver.o
LOAD src/ASF/common/services/clock/sam3x/sysclk.o
LOAD src/ASF/common/utils/interrupt/interrupt_sam_nvic.o
LOAD src/ASF/sam/boards/arduino_due_x/init.o
LOAD src/ASF/sam/drivers/pio/pio.o
LOAD src/ASF/sam/drivers/pio/pio_handler.o
LOAD src/ASF/sam/drivers/pmc/pmc.o
LOAD src/ASF/sam/drivers/pmc/sleep.o
LOAD src/ASF/sam/utils/cmsis/sam3x/source/templates/exceptions.o
LOAD src/ASF/sam/utils/cmsis/sam3x/source/templates/gcc/startup_sam3x.o
LOAD src/ASF/sam/utils/cmsis/sam3x/source/templates/system_sam3x.o
LOAD src/ASF/sam/utils/syscalls/gcc/syscalls.o
LOAD src/main.o
START GROUP
LOAD ../src/ASF/thirdparty/CMSIS/Lib/GCC\libarm_cortexM3l_math.a
LOAD c:/program files (x86)/atmel/studio/7.0/toolchain/arm/arm-gnu-toolchain/bin/../lib/gcc/arm-none-eabi/5.3.1/../../../../arm-none-eabi/lib/armv7-m\libm.a
END GROUP
START GROUP
LOAD c:/program files (x86)/atmel/studio/7.0/toolchain/arm/arm-gnu-toolchain/bin/../lib/gcc/arm-none-eabi/5.3.1/armv7-m\libgcc.a
LOAD c:/program files (x86)/atmel/studio/7.0/toolchain/arm/arm-gnu-toolchain/bin/../lib/gcc/arm-none-eabi/5.3.1/../../../../arm-none-eabi/lib/armv7-m\libc.a
END GROUP
LOAD c:/program files (x86)/atmel/studio/7.0/toolchain/arm/arm-gnu-toolchain/bin/../lib/gcc/arm-none-eabi/5.3.1/armv7-m/crtend.o
LOAD c:/program files (x86)/atmel/studio/7.0/toolchain/arm/arm-gnu-toolchain/bin/../lib/gcc/arm-none-eabi/5.3.1/armv7-m/crtn.o
                0x00002000                __stack_size__ = DEFINED (__stack_size__)?__stack_size__:0x2000
                0x20087ffc                __ram_end__ = ((ORIGIN (ram) + LENGTH (ram)) - 0x4)

.text           0x00080000      0xd94
                0x00080000                . = ALIGN (0x4)
                0x00080000                _sfixed = .
 *(.vectors .vectors.*)
 .vectors       0x00080000       0xf4 src/ASF/sam/utils/cmsis/sam3x/source/templates/gcc/startup_sam3x.o
                0x00080000                exception_table
 *(.text .text.* .gnu.linkonce.t.*)
 .text          0x000800f4       0x5c c:/program files (x86)/atmel/studio/7.0/toolchain/arm/arm-gnu-toolchain/bin/../lib/gcc/arm-none-eabi/5.3.1/armv7-m/crtbegin.o
 .text.can_enable_interrupt
                0x00080150        0x4 src/ASF/sam/drivers/can/can.o
                0x00080150                can_enable_interrupt
 .text.can_disable_interrupt
                0x00080154        0x4 src/ASF/sam/drivers/can/can.o
                0x00080154                can_disable_interrupt
 .text.can_global_send_transfer_cmd
                0x00080158        0xc src/ASF/sam/drivers/can/can.o
                0x00080158                can_global_send_transfer_cmd
 .text.can_mailbox_init
                0x00080164       0x84 src/ASF/sam/drivers/can/can.o
                0x00080164                can_mailbox_init
 .text.can_mailbox_write
                0x000801e8       0x68 src/ASF/sam/drivers/can/can.o
                0x000801e8                can_mailbox_write
 .text.can_reset_all_mailbox
                0x00080250       0x24 src/ASF/sam/drivers/can/can.o
                0x00080250                can_reset_all_mailbox
 .text.can_init
                0x00080274       0xfc src/ASF/sam/drivers/can/can.o
                0x00080274                can_init
 .text.CAN1_Handler
                0x00080370        0x4 src/can_driver.o
                0x00080370                CAN1_Handler
 .text.can_init_asf
                0x00080374       0xb4 src/can_driver.o
                0x00080374                can_init_asf
 .text.can_send
                0x00080428       0x48 src/can_driver.o
                0x00080428                can_send
 .text.sysclk_init
                0x00080470       0x64 src/ASF/common/services/clock/sam3x/sysclk.o
                0x00080470                sysclk_init
 .text.board_init
                0x000804d4       0xb0 src/ASF/sam/boards/arduino_due_x/init.o
                0x000804d4                board_init
 .text.pio_set_peripheral
                0x00080584       0x40 src/ASF/sam/drivers/pio/pio.o
                0x00080584                pio_set_peripheral
 .text.pio_set_input
                0x000805c4       0x34 src/ASF/sam/drivers/pio/pio.o
                0x000805c4                pio_set_input
 .text.pio_set_output
                0x000805f8       0x28 src/ASF/sam/drivers/pio/pio.o
                0x000805f8                pio_set_output
 .text.pio_get_interrupt_status
                0x00080620        0x4 src/ASF/sam/drivers/pio/pio.o
                0x00080620                pio_get_interrupt_status
 .text.pio_get_interrupt_mask
                0x00080624        0x4 src/ASF/sam/drivers/pio/pio.o
                0x00080624                pio_get_interrupt_mask
 .text.pio_configure_pin
                0x00080628       0xd4 src/ASF/sam/drivers/pio/pio.o
                0x00080628                pio_configure_pin
 .text.pio_configure_pin_group
                0x000806fc       0xa0 src/ASF/sam/drivers/pio/pio.o
                0x000806fc                pio_configure_pin_group
 .text.pio_handler_process
                0x0008079c       0x50 src/ASF/sam/drivers/pio/pio_handler.o
                0x0008079c                pio_handler_process
 .text.PIOA_Handler
                0x000807ec       0x14 src/ASF/sam/drivers/pio/pio_handler.o
                0x000807ec                PIOA_Handler
 .text.PIOB_Handler
                0x00080800       0x14 src/ASF/sam/drivers/pio/pio_handler.o
                0x00080800                PIOB_Handler
 .text.PIOC_Handler
                0x00080814       0x14 src/ASF/sam/drivers/pio/pio_handler.o
                0x00080814                PIOC_Handler
 .text.PIOD_Handler
                0x00080828       0x14 src/ASF/sam/drivers/pio/pio_handler.o
                0x00080828                PIOD_Handler
 .text.pmc_switch_mck_to_pllack
                0x0008083c       0x68 src/ASF/sam/drivers/pmc/pmc.o
                0x0008083c                pmc_switch_mck_to_pllack
 .text.pmc_switch_mainck_to_xtal
                0x000808a4       0x54 src/ASF/sam/drivers/pmc/pmc.o
                0x000808a4                pmc_switch_mainck_to_xtal
 .text.pmc_osc_is_ready_mainck
                0x000808f8       0x10 src/ASF/sam/drivers/pmc/pmc.o
                0x000808f8                pmc_osc_is_ready_mainck
 .text.pmc_disable_pllack
                0x00080908       0x10 src/ASF/sam/drivers/pmc/pmc.o
                0x00080908                pmc_disable_pllack
 .text.pmc_is_locked_pllack
                0x00080918       0x10 src/ASF/sam/drivers/pmc/pmc.o
                0x00080918                pmc_is_locked_pllack
 .text.pmc_enable_periph_clk
                0x00080928       0x54 src/ASF/sam/drivers/pmc/pmc.o
                0x00080928                pmc_enable_periph_clk
 .text.Dummy_Handler
                0x0008097c        0x4 src/ASF/sam/utils/cmsis/sam3x/source/templates/exceptions.o
                0x0008097c                DACC_Handler
                0x0008097c                DebugMon_Handler
                0x0008097c                DMAC_Handler
                0x0008097c                TRNG_Handler
                0x0008097c                HardFault_Handler
                0x0008097c                TC2_Handler
                0x0008097c                SysTick_Handler
                0x0008097c                USART3_Handler
                0x0008097c                TWI1_Handler
                0x0008097c                PendSV_Handler
                0x0008097c                NMI_Handler
                0x0008097c                TC7_Handler
                0x0008097c                ADC_Handler
                0x0008097c                SMC_Handler
                0x0008097c                USART0_Handler
                0x0008097c                RTT_Handler
                0x0008097c                EFC1_Handler
                0x0008097c                RTC_Handler
                0x0008097c                UsageFault_Handler
                0x0008097c                TC6_Handler
                0x0008097c                WDT_Handler
                0x0008097c                CAN0_Handler
                0x0008097c                TC4_Handler
                0x0008097c                TC1_Handler
                0x0008097c                HSMCI_Handler
                0x0008097c                TC3_Handler
                0x0008097c                Dummy_Handler
                0x0008097c                TWI0_Handler
                0x0008097c                USART1_Handler
                0x0008097c                SSC_Handler
                0x0008097c                EFC0_Handler
                0x0008097c                PMC_Handler
                0x0008097c                PWM_Handler
                0x0008097c                MemManage_Handler
                0x0008097c                SUPC_Handler
                0x0008097c                SVC_Handler
                0x0008097c                TC8_Handler
                0x0008097c                USART2_Handler
                0x0008097c                EMAC_Handler
                0x0008097c                UART_Handler
                0x0008097c                BusFault_Handler
                0x0008097c                RSTC_Handler
                0x0008097c                TC0_Handler
                0x0008097c                TC5_Handler
                0x0008097c                UOTGHS_Handler
                0x0008097c                SPI0_Handler
 .text.Reset_Handler
                0x00080980       0xac src/ASF/sam/utils/cmsis/sam3x/source/templates/gcc/startup_sam3x.o
                0x00080980                Reset_Handler
 .text.SystemCoreClockUpdate
                0x00080a2c      0x11c src/ASF/sam/utils/cmsis/sam3x/source/templates/system_sam3x.o
                0x00080a2c                SystemCoreClockUpdate
 .text.main     0x00080b48       0x78 src/main.o
                0x00080b48                main
 .text.__libc_init_array
                0x00080bc0       0x50 c:/program files (x86)/atmel/studio/7.0/toolchain/arm/arm-gnu-toolchain/bin/../lib/gcc/arm-none-eabi/5.3.1/../../../../arm-none-eabi/lib/armv7-m\libc.a(lib_a-init.o)
                0x00080bc0                __libc_init_array
 .text.startup.register_fini
                0x00080c10       0x14 c:/program files (x86)/atmel/studio/7.0/toolchain/arm/arm-gnu-toolchain/bin/../lib/gcc/arm-none-eabi/5.3.1/../../../../arm-none-eabi/lib/armv7-m\libc.a(lib_a-__call_atexit.o)
 .text.atexit   0x00080c24        0xc c:/program files (x86)/atmel/studio/7.0/toolchain/arm/arm-gnu-toolchain/bin/../lib/gcc/arm-none-eabi/5.3.1/../../../../arm-none-eabi/lib/armv7-m\libc.a(lib_a-atexit.o)
                0x00080c24                atexit
 .text.__libc_fini_array
                0x00080c30       0x28 c:/program files (x86)/atmel/studio/7.0/toolchain/arm/arm-gnu-toolchain/bin/../lib/gcc/arm-none-eabi/5.3.1/../../../../arm-none-eabi/lib/armv7-m\libc.a(lib_a-fini.o)
                0x00080c30                __libc_fini_array
 .text.__register_exitproc
                0x00080c58       0xa4 c:/program files (x86)/atmel/studio/7.0/toolchain/arm/arm-gnu-toolchain/bin/../lib/gcc/arm-none-eabi/5.3.1/../../../../arm-none-eabi/lib/armv7-m\libc.a(lib_a-__atexit.o)
                0x00080c58                __register_exitproc
 *(.glue_7t)
 .glue_7t       0x00080cfc        0x0 linker stubs
 *(.glue_7)
 .glue_7        0x00080cfc        0x0 linker stubs
 *(.rodata .rodata* .gnu.linkonce.r.*)
 .rodata.can_bit_time
                0x00080cfc       0x6c src/ASF/sam/drivers/can/can.o
                0x00080cfc                can_bit_time
 .rodata.str1.4
                0x00080d68        0x4 c:/program files (x86)/atmel/studio/7.0/toolchain/arm/arm-gnu-toolchain/bin/../lib/gcc/arm-none-eabi/5.3.1/../../../../arm-none-eabi/lib/armv7-m\libc.a(lib_a-impure.o)
                                  0x2 (size before relaxing)
 .rodata._global_impure_ptr
                0x00080d6c        0x4 c:/program files (x86)/atmel/studio/7.0/toolchain/arm/arm-gnu-toolchain/bin/../lib/gcc/arm-none-eabi/5.3.1/../../../../arm-none-eabi/lib/armv7-m\libc.a(lib_a-impure.o)
                0x00080d6c                _global_impure_ptr
 *(.ARM.extab* .gnu.linkonce.armextab.*)
                0x00080d70                . = ALIGN (0x4)
 *(.init)
 .init          0x00080d70        0x4 c:/program files (x86)/atmel/studio/7.0/toolchain/arm/arm-gnu-toolchain/bin/../lib/gcc/arm-none-eabi/5.3.1/armv7-m/crti.o
                0x00080d70                _init
 .init          0x00080d74        0x8 c:/program files (x86)/atmel/studio/7.0/toolchain/arm/arm-gnu-toolchain/bin/../lib/gcc/arm-none-eabi/5.3.1/armv7-m/crtn.o
                0x00080d7c                . = ALIGN (0x4)
                0x00080d7c                __preinit_array_start = .
 *(.preinit_array)
                0x00080d7c                __preinit_array_end = .
                0x00080d7c                . = ALIGN (0x4)
                0x00080d7c                __init_array_start = .
 *(SORT(.init_array.*))
 .init_array.00000
                0x00080d7c        0x4 c:/program files (x86)/atmel/studio/7.0/toolchain/arm/arm-gnu-toolchain/bin/../lib/gcc/arm-none-eabi/5.3.1/../../../../arm-none-eabi/lib/armv7-m\libc.a(lib_a-__call_atexit.o)
 *(.init_array)
 .init_array    0x00080d80        0x4 c:/program files (x86)/atmel/studio/7.0/toolchain/arm/arm-gnu-toolchain/bin/../lib/gcc/arm-none-eabi/5.3.1/armv7-m/crtbegin.o
                0x00080d84                __init_array_end = .
                0x00080d84                . = ALIGN (0x4)
 *crtbegin.o(.ctors)
 *(EXCLUDE_FILE(*crtend.o) .ctors)
 *(SORT(.ctors.*))
 *crtend.o(.ctors)
                0x00080d84                . = ALIGN (0x4)
 *(.fini)
 .fini          0x00080d84        0x4 c:/program files (x86)/atmel/studio/7.0/toolchain/arm/arm-gnu-toolchain/bin/../lib/gcc/arm-none-eabi/5.3.1/armv7-m/crti.o
                0x00080d84                _fini
 .fini          0x00080d88        0x8 c:/program files (x86)/atmel/studio/7.0/toolchain/arm/arm-gnu-toolchain/bin/../lib/gcc/arm-none-eabi/5.3.1/armv7-m/crtn.o
                0x00080d90                . = ALIGN (0x4)
                0x00080d90                __fini_array_start = .
 *(.fini_array)
 .fini_array    0x00080d90        0x4 c:/program files (x86)/atmel/studio/7.0/toolchain/arm/arm-gnu-toolchain/bin/../lib/gcc/arm-none-eabi/5.3.1/armv7-m/crtbegin.o
 *(SORT(.fini_array.*))
                0x00080d94                __fini_array_end = .
 *crtbegin.o(.dtors)
 *(EXCLUDE_FILE(*crtend.o) .dtors)
 *(SORT(.dtors.*))
 *crtend.o(.dtors)
                0x00080d94                . = ALIGN (0x4)
                0x00080d94                _efixed = .
                [!provide]                PROVIDE (__exidx_start, .)

.vfp11_veneer   0x00080d94        0x0
 .vfp11_veneer  0x00080d94        0x0 linker stubs

.v4_bx          0x00080d94        0x0
 .v4_bx         0x00080d94        0x0 linker stubs

.iplt           0x00080d94        0x0
 .iplt          0x00080d94        0x0 c:/program files (x86)/atmel/studio/7.0/toolchain/arm/arm-gnu-toolchain/bin/../lib/gcc/arm-none-eabi/5.3.1/armv7-m/crtbegin.o

.eh_frame       0x00080d94        0x0
 .eh_frame      0x00080d94        0x0 c:/program files (x86)/atmel/studio/7.0/toolchain/arm/arm-gnu-toolchain/bin/../lib/gcc/arm-none-eabi/5.3.1/armv7-m/crtbegin.o

.rel.dyn        0x00080d94        0x0
 .rel.iplt      0x00080d94        0x0 c:/program files (x86)/atmel/studio/7.0/toolchain/arm/arm-gnu-toolchain/bin/../lib/gcc/arm-none-eabi/5.3.1/armv7-m/crtbegin.o

.jcr            0x00080d94        0x0
 .jcr           0x00080d94        0x0 c:/program files (x86)/atmel/studio/7.0/toolchain/arm/arm-gnu-toolchain/bin/../lib/gcc/arm-none-eabi/5.3.1/armv7-m/crtbegin.o

.igot.plt       0x00080d94        0x0
 .igot.plt      0x00080d94        0x0 c:/program files (x86)/atmel/studio/7.0/toolchain/arm/arm-gnu-toolchain/bin/../lib/gcc/arm-none-eabi/5.3.1/armv7-m/crtbegin.o

.ARM.exidx
 *(.ARM.exidx* .gnu.linkonce.armexidx.*)
                [!provide]                PROVIDE (__exidx_end, .)
                0x00080d94                . = ALIGN (0x4)
                0x00080d94                _etext = .

.relocate       0x20070000      0x558 load address 0x00080d94
                0x20070000                . = ALIGN (0x4)
                0x20070000                _srelocate = .
 *(.ramfunc .ramfunc.*)
 .ramfunc       0x20070000      0x12c src/ASF/sam/utils/cmsis/sam3x/source/templates/system_sam3x.o
                0x20070000                SystemInit
                0x200700a4                system_init_flash
 *(.data .data.*)
 .data.SystemCoreClock
                0x2007012c        0x4 src/ASF/sam/utils/cmsis/sam3x/source/templates/system_sam3x.o
                0x2007012c                SystemCoreClock
 .data.impure_data
                0x20070130      0x428 c:/program files (x86)/atmel/studio/7.0/toolchain/arm/arm-gnu-toolchain/bin/../lib/gcc/arm-none-eabi/5.3.1/../../../../arm-none-eabi/lib/armv7-m\libc.a(lib_a-impure.o)
                0x20070558                . = ALIGN (0x4)
                0x20070558                _erelocate = .

.bss            0x20070558       0xd4 load address 0x000812ec
                0x20070558                . = ALIGN (0x4)
                0x20070558                _sbss = .
                0x20070558                _szero = .
 *(.bss .bss.*)
 .bss           0x20070558       0x1c c:/program files (x86)/atmel/studio/7.0/toolchain/arm/arm-gnu-toolchain/bin/../lib/gcc/arm-none-eabi/5.3.1/armv7-m/crtbegin.o
 .bss.gs_interrupt_sources
                0x20070574       0x70 src/ASF/sam/drivers/pio/pio_handler.o
 *(COMMON)
 COMMON         0x200705e4       0x48 src/can_driver.o
                0x200705e4                can1_mailbox
                0x20070604                setup_mb
                0x20070608                tx_mb
                0x2007060c                can0_mailbox
                0x2007062c                . = ALIGN (0x4)
                0x2007062c                _ebss = .
                0x2007062c                _ezero = .

.stack          0x2007062c     0x2004 load address 0x000813c0
                0x20070630                . = ALIGN (0x8)
 *fill*         0x2007062c        0x4 
                0x20070630                _sstack = .
                0x20072630                . = (. + __stack_size__)
 *fill*         0x20070630     0x2000 
                0x20072630                . = ALIGN (0x8)
                0x20072630                _estack = .
                0x20072630                . = ALIGN (0x4)
                0x20072630                _end = .
OUTPUT(OBC_Test-DUE.elf elf32-littlearm)

.ARM.attributes
                0x00000000       0x29
 .ARM.attributes
                0x00000000       0x1d c:/program files (x86)/atmel/studio/7.0/toolchain/arm/arm-gnu-toolchain/bin/../lib/gcc/arm-none-eabi/5.3.1/armv7-m/crti.o
 .ARM.attributes
                0x0000001d       0x2d c:/program files (x86)/atmel/studio/7.0/toolchain/arm/arm-gnu-toolchain/bin/../lib/gcc/arm-none-eabi/5.3.1/armv7-m/crtbegin.o
 .ARM.attributes
                0x0000004a       0x33 src/ASF/sam/drivers/can/can.o
 .ARM.attributes
                0x0000007d       0x33 src/can_driver.o
 .ARM.attributes
                0x000000b0       0x33 src/ASF/common/services/clock/sam3x/sysclk.o
 .ARM.attributes
                0x000000e3       0x33 src/ASF/sam/boards/arduino_due_x/init.o
 .ARM.attributes
                0x00000116       0x33 src/ASF/sam/drivers/pio/pio.o
 .ARM.attributes
                0x00000149       0x33 src/ASF/sam/drivers/pio/pio_handler.o
 .ARM.attributes
                0x0000017c       0x33 src/ASF/sam/drivers/pmc/pmc.o
 .ARM.attributes
                0x000001af       0x33 src/ASF/sam/utils/cmsis/sam3x/source/templates/exceptions.o
 .ARM.attributes
                0x000001e2       0x33 src/ASF/sam/utils/cmsis/sam3x/source/templates/gcc/startup_sam3x.o
 .ARM.attributes
                0x00000215       0x33 src/ASF/sam/utils/cmsis/sam3x/source/templates/system_sam3x.o
 .ARM.attributes
                0x00000248       0x33 src/main.o
 .ARM.attributes
                0x0000027b       0x2d c:/program files (x86)/atmel/studio/7.0/toolchain/arm/arm-gnu-toolchain/bin/../lib/gcc/arm-none-eabi/5.3.1/../../../../arm-none-eabi/lib/armv7-m\libc.a(lib_a-impure.o)
 .ARM.attributes
                0x000002a8       0x2d c:/program files (x86)/atmel/studio/7.0/toolchain/arm/arm-gnu-toolchain/bin/../lib/gcc/arm-none-eabi/5.3.1/../../../../arm-none-eabi/lib/armv7-m\libc.a(lib_a-init.o)
 .ARM.attributes
                0x000002d5       0x2d c:/program files (x86)/atmel/studio/7.0/toolchain/arm/arm-gnu-toolchain/bin/../lib/gcc/arm-none-eabi/5.3.1/../../../../arm-none-eabi/lib/armv7-m\libc.a(lib_a-__call_atexit.o)
 .ARM.attributes
                0x00000302       0x2d c:/program files (x86)/atmel/studio/7.0/toolchain/arm/arm-gnu-toolchain/bin/../lib/gcc/arm-none-eabi/5.3.1/../../../../arm-none-eabi/lib/armv7-m\libc.a(lib_a-atexit.o)
 .ARM.attributes
                0x0000032f       0x2d c:/program files (x86)/atmel/studio/7.0/toolchain/arm/arm-gnu-toolchain/bin/../lib/gcc/arm-none-eabi/5.3.1/../../../../arm-none-eabi/lib/armv7-m\libc.a(lib_a-fini.o)
 .ARM.attributes
                0x0000035c       0x2d c:/program files (x86)/atmel/studio/7.0/toolchain/arm/arm-gnu-toolchain/bin/../lib/gcc/arm-none-eabi/5.3.1/../../../../arm-none-eabi/lib/armv7-m\libc.a(lib_a-__atexit.o)
 .ARM.attributes
                0x00000389       0x1d c:/program files (x86)/atmel/studio/7.0/toolchain/arm/arm-gnu-toolchain/bin/../lib/gcc/arm-none-eabi/5.3.1/armv7-m/crtn.o

.comment        0x00000000       0x59
 .comment       0x00000000       0x59 src/ASF/sam/drivers/can/can.o
                                 0x5a (size before relaxing)
 .comment       0x00000059       0x5a src/can_driver.o
 .comment       0x00000059       0x5a src/ASF/common/services/clock/sam3x/sysclk.o
 .comment       0x00000059       0x5a src/ASF/sam/boards/arduino_due_x/init.o
 .comment       0x00000059       0x5a src/ASF/sam/drivers/pio/pio.o
 .comment       0x00000059       0x5a src/ASF/sam/drivers/pio/pio_handler.o
 .comment       0x00000059       0x5a src/ASF/sam/drivers/pmc/pmc.o
 .comment       0x00000059       0x5a src/ASF/sam/utils/cmsis/sam3x/source/templates/exceptions.o
 .comment       0x00000059       0x5a src/ASF/sam/utils/cmsis/sam3x/source/templates/gcc/startup_sam3x.o
 .comment       0x00000059       0x5a src/ASF/sam/utils/cmsis/sam3x/source/templates/system_sam3x.o
 .comment       0x00000059       0x5a src/main.o

.debug_info     0x00000000     0x71c9
 .debug_info    0x00000000      0xefe src/ASF/sam/drivers/can/can.o
 .debug_info    0x00000efe      0xb84 src/can_driver.o
 .debug_info    0x00001a82      0x79d src/ASF/common/services/clock/sam3x/sysclk.o
 .debug_info    0x0000221f      0x913 src/ASF/sam/boards/arduino_due_x/init.o
 .debug_info    0x00002b32     0x1384 src/ASF/sam/drivers/pio/pio.o
 .debug_info    0x00003eb6      0xe71 src/ASF/sam/drivers/pio/pio_handler.o
 .debug_info    0x00004d27     0x1097 src/ASF/sam/drivers/pmc/pmc.o
 .debug_info    0x00005dbe      0x125 src/ASF/sam/utils/cmsis/sam3x/source/templates/exceptions.o
 .debug_info    0x00005ee3      0x3d3 src/ASF/sam/utils/cmsis/sam3x/source/templates/gcc/startup_sam3x.o
 .debug_info    0x000062b6      0x4c6 src/ASF/sam/utils/cmsis/sam3x/source/templates/system_sam3x.o
 .debug_info    0x0000677c      0xa4d src/main.o

.debug_abbrev   0x00000000     0x165c
 .debug_abbrev  0x00000000      0x31c src/ASF/sam/drivers/can/can.o
 .debug_abbrev  0x0000031c      0x2bf src/can_driver.o
 .debug_abbrev  0x000005db      0x241 src/ASF/common/services/clock/sam3x/sysclk.o
 .debug_abbrev  0x0000081c      0x194 src/ASF/sam/boards/arduino_due_x/init.o
 .debug_abbrev  0x000009b0      0x2de src/ASF/sam/drivers/pio/pio.o
 .debug_abbrev  0x00000c8e      0x271 src/ASF/sam/drivers/pio/pio_handler.o
 .debug_abbrev  0x00000eff      0x268 src/ASF/sam/drivers/pmc/pmc.o
 .debug_abbrev  0x00001167       0x8f src/ASF/sam/utils/cmsis/sam3x/source/templates/exceptions.o
 .debug_abbrev  0x000011f6      0x11b src/ASF/sam/utils/cmsis/sam3x/source/templates/gcc/startup_sam3x.o
 .debug_abbrev  0x00001311      0x115 src/ASF/sam/utils/cmsis/sam3x/source/templates/system_sam3x.o
 .debug_abbrev  0x00001426      0x236 src/main.o

.debug_loc      0x00000000     0x2dde
 .debug_loc     0x00000000      0xa5f src/ASF/sam/drivers/can/can.o
 .debug_loc     0x00000a5f      0x27b src/can_driver.o
 .debug_loc     0x00000cda      0x183 src/ASF/common/services/clock/sam3x/sysclk.o
 .debug_loc     0x00000e5d       0x70 src/ASF/sam/boards/arduino_due_x/init.o
 .debug_loc     0x00000ecd      0xb2a src/ASF/sam/drivers/pio/pio.o
 .debug_loc     0x000019f7      0x542 src/ASF/sam/drivers/pio/pio_handler.o
 .debug_loc     0x00001f39      0xd57 src/ASF/sam/drivers/pmc/pmc.o
 .debug_loc     0x00002c90       0x5e src/ASF/sam/utils/cmsis/sam3x/source/templates/gcc/startup_sam3x.o
 .debug_loc     0x00002cee       0xf0 src/main.o

.debug_aranges  0x00000000      0x618
 .debug_aranges
                0x00000000      0x140 src/ASF/sam/drivers/can/can.o
 .debug_aranges
                0x00000140       0x48 src/can_driver.o
 .debug_aranges
                0x00000188       0x40 src/ASF/common/services/clock/sam3x/sysclk.o
 .debug_aranges
                0x000001c8       0x20 src/ASF/sam/boards/arduino_due_x/init.o
 .debug_aranges
                0x000001e8      0x148 src/ASF/sam/drivers/pio/pio.o
 .debug_aranges
                0x00000330       0x58 src/ASF/sam/drivers/pio/pio_handler.o
 .debug_aranges
                0x00000388      0x200 src/ASF/sam/drivers/pmc/pmc.o
 .debug_aranges
                0x00000588       0x20 src/ASF/sam/utils/cmsis/sam3x/source/templates/exceptions.o
 .debug_aranges
                0x000005a8       0x20 src/ASF/sam/utils/cmsis/sam3x/source/templates/gcc/startup_sam3x.o
 .debug_aranges
                0x000005c8       0x30 src/ASF/sam/utils/cmsis/sam3x/source/templates/system_sam3x.o
 .debug_aranges
                0x000005f8       0x20 src/main.o

.debug_ranges   0x00000000      0x568
 .debug_ranges  0x00000000      0x130 src/ASF/sam/drivers/can/can.o
 .debug_ranges  0x00000130       0x38 src/can_driver.o
 .debug_ranges  0x00000168       0x30 src/ASF/common/services/clock/sam3x/sysclk.o
 .debug_ranges  0x00000198       0x10 src/ASF/sam/boards/arduino_due_x/init.o
 .debug_ranges  0x000001a8      0x138 src/ASF/sam/drivers/pio/pio.o
 .debug_ranges  0x000002e0       0x48 src/ASF/sam/drivers/pio/pio_handler.o
 .debug_ranges  0x00000328      0x1f0 src/ASF/sam/drivers/pmc/pmc.o
 .debug_ranges  0x00000518       0x10 src/ASF/sam/utils/cmsis/sam3x/source/templates/exceptions.o
 .debug_ranges  0x00000528       0x10 src/ASF/sam/utils/cmsis/sam3x/source/templates/gcc/startup_sam3x.o
 .debug_ranges  0x00000538       0x20 src/ASF/sam/utils/cmsis/sam3x/source/templates/system_sam3x.o
 .debug_ranges  0x00000558       0x10 src/main.o

.debug_macro    0x00000000     0x43eb
 .debug_macro   0x00000000      0x55e src/ASF/sam/drivers/can/can.o
 .debug_macro   0x0000055e       0x82 src/ASF/sam/drivers/can/can.o
 .debug_macro   0x000005e0      0x5d6 src/can_driver.o
 .debug_macro   0x00000bb6      0x2bf src/can_driver.o
 .debug_macro   0x00000e75       0x16 src/can_driver.o
 .debug_macro   0x00000e8b       0x94 src/can_driver.o
 .debug_macro   0x00000f1f      0x184 src/can_driver.o
 .debug_macro   0x000010a3      0x5a5 src/ASF/common/services/clock/sam3x/sysclk.o
 .debug_macro   0x00001648      0x607 src/ASF/sam/boards/arduino_due_x/init.o
 .debug_macro   0x00001c4f       0x40 src/ASF/sam/boards/arduino_due_x/init.o
 .debug_macro   0x00001c8f       0x88 src/ASF/sam/boards/arduino_due_x/init.o
 .debug_macro   0x00001d17      0x540 src/ASF/sam/drivers/pio/pio.o
 .debug_macro   0x00002257       0x8e src/ASF/sam/drivers/pio/pio.o
 .debug_macro   0x000022e5      0x544 src/ASF/sam/drivers/pio/pio_handler.o
 .debug_macro   0x00002829      0x53a src/ASF/sam/drivers/pmc/pmc.o
 .debug_macro   0x00002d63       0x58 src/ASF/sam/drivers/pmc/pmc.o
 .debug_macro   0x00002dbb      0x539 src/ASF/sam/utils/cmsis/sam3x/source/templates/exceptions.o
 .debug_macro   0x000032f4      0x547 src/ASF/sam/utils/cmsis/sam3x/source/templates/gcc/startup_sam3x.o
 .debug_macro   0x0000383b      0x547 src/ASF/sam/utils/cmsis/sam3x/source/templates/system_sam3x.o
 .debug_macro   0x00003d82       0x26 src/ASF/sam/utils/cmsis/sam3x/source/templates/system_sam3x.o
 .debug_macro   0x00003da8      0x643 src/main.o

.debug_line     0x00000000     0x8fd3
 .debug_line    0x00000000      0xe1b src/ASF/sam/drivers/can/can.o
 .debug_line    0x00000e1b      0xd4e src/can_driver.o
 .debug_line    0x00001b69      0xc8a src/ASF/common/services/clock/sam3x/sysclk.o
 .debug_line    0x000027f3      0xd6b src/ASF/sam/boards/arduino_due_x/init.o
 .debug_line    0x0000355e      0xe80 src/ASF/sam/drivers/pio/pio.o
 .debug_line    0x000043de      0xbda src/ASF/sam/drivers/pio/pio_handler.o
 .debug_line    0x00004fb8     0x10ad src/ASF/sam/drivers/pmc/pmc.o
 .debug_line    0x00006065      0xaf7 src/ASF/sam/utils/cmsis/sam3x/source/templates/exceptions.o
 .debug_line    0x00006b5c      0xb41 src/ASF/sam/utils/cmsis/sam3x/source/templates/gcc/startup_sam3x.o
 .debug_line    0x0000769d      0xb5f src/ASF/sam/utils/cmsis/sam3x/source/templates/system_sam3x.o
 .debug_line    0x000081fc      0xdd7 src/main.o

.debug_str      0x00000000    0x62719
 .debug_str     0x00000000    0x5c22a src/ASF/sam/drivers/can/can.o
                              0x5c544 (size before relaxing)
 .debug_str     0x0005c22a     0x4ac7 src/can_driver.o
                              0x60b09 (size before relaxing)
 .debug_str     0x00060cf1      0x26c src/ASF/common/services/clock/sam3x/sysclk.o
                              0x5fca2 (size before relaxing)
 .debug_str     0x00060f5d      0x6e5 src/ASF/sam/boards/arduino_due_x/init.o
                              0x60dc1 (size before relaxing)
 .debug_str     0x00061642      0x42b src/ASF/sam/drivers/pio/pio.o
                              0x5c6ce (size before relaxing)
 .debug_str     0x00061a6d      0x1cf src/ASF/sam/drivers/pio/pio_handler.o
                              0x5c716 (size before relaxing)
 .debug_str     0x00061c3c      0x691 src/ASF/sam/drivers/pmc/pmc.o
                              0x5c744 (size before relaxing)
 .debug_str     0x000622cd       0x4d src/ASF/sam/utils/cmsis/sam3x/source/templates/exceptions.o
                              0x5bd43 (size before relaxing)
 .debug_str     0x0006231a       0xb2 src/ASF/sam/utils/cmsis/sam3x/source/templates/gcc/startup_sam3x.o
                              0x5be18 (size before relaxing)
 .debug_str     0x000623cc      0x1cd src/ASF/sam/utils/cmsis/sam3x/source/templates/system_sam3x.o
                              0x5c02b (size before relaxing)
 .debug_str     0x00062599      0x180 src/main.o
                              0x61045 (size before relaxing)

.debug_frame    0x00000000      0xddc
 .debug_frame   0x00000000      0x2c4 src/ASF/sam/drivers/can/can.o
 .debug_frame   0x000002c4       0xb0 src/can_driver.o
 .debug_frame   0x00000374       0x88 src/ASF/common/services/clock/sam3x/sysclk.o
 .debug_frame   0x000003fc       0x28 src/ASF/sam/boards/arduino_due_x/init.o
 .debug_frame   0x00000424      0x2b8 src/ASF/sam/drivers/pio/pio.o
 .debug_frame   0x000006dc       0xf8 src/ASF/sam/drivers/pio/pio_handler.o
 .debug_frame   0x000007d4      0x450 src/ASF/sam/drivers/pmc/pmc.o
 .debug_frame   0x00000c24       0x20 src/ASF/sam/utils/cmsis/sam3x/source/templates/exceptions.o
 .debug_frame   0x00000c44       0x28 src/ASF/sam/utils/cmsis/sam3x/source/templates/gcc/startup_sam3x.o
 .debug_frame   0x00000c6c       0x40 src/ASF/sam/utils/cmsis/sam3x/source/templates/system_sam3x.o
 .debug_frame   0x00000cac       0x2c src/main.o
 .debug_frame   0x00000cd8       0x2c c:/program files (x86)/atmel/studio/7.0/toolchain/arm/arm-gnu-toolchain/bin/../lib/gcc/arm-none-eabi/5.3.1/../../../../arm-none-eabi/lib/armv7-m\libc.a(lib_a-init.o)
 .debug_frame   0x00000d04       0x50 c:/program files (x86)/atmel/studio/7.0/toolchain/arm/arm-gnu-toolchain/bin/../lib/gcc/arm-none-eabi/5.3.1/../../../../arm-none-eabi/lib/armv7-m\libc.a(lib_a-__call_atexit.o)
 .debug_frame   0x00000d54       0x20 c:/program files (x86)/atmel/studio/7.0/toolchain/arm/arm-gnu-toolchain/bin/../lib/gcc/arm-none-eabi/5.3.1/../../../../arm-none-eabi/lib/armv7-m\libc.a(lib_a-atexit.o)
 .debug_frame   0x00000d74       0x34 c:/program files (x86)/atmel/studio/7.0/toolchain/arm/arm-gnu-toolchain/bin/../lib/gcc/arm-none-eabi/5.3.1/../../../../arm-none-eabi/lib/armv7-m\libc.a(lib_a-fini.o)
 .debug_frame   0x00000da8       0x34 c:/program files (x86)/atmel/studio/7.0/toolchain/arm/arm-gnu-toolchain/bin/../lib/gcc/arm-none-eabi/5.3.1/../../../../arm-none-eabi/lib/armv7-m\libc.a(lib_a-__atexit.o)

Cross Reference Table

Symbol                                            File
ADC_Handler                                       src/ASF/sam/utils/cmsis/sam3x/source/templates/exceptions.o
                                                  src/ASF/sam/utils/cmsis/sam3x/source/templates/gcc/startup_sam3x.o
BusFault_Handler                                  src/ASF/sam/utils/cmsis/sam3x/source/templates/exceptions.o
                                                  src/ASF/sam/utils/cmsis/sam3x/source/templates/gcc/startup_sam3x.o
CAN0_Handler                                      src/ASF/sam/utils/cmsis/sam3x/source/templates/exceptions.o
                                                  src/ASF/sam/utils/cmsis/sam3x/source/templates/gcc/startup_sam3x.o
CAN1_Handler                                      src/can_driver.o
                                                  src/ASF/sam/utils/cmsis/sam3x/source/templates/gcc/startup_sam3x.o
DACC_Handler                                      src/ASF/sam/utils/cmsis/sam3x/source/templates/exceptions.o
                                                  src/ASF/sam/utils/cmsis/sam3x/source/templates/gcc/startup_sam3x.o
DMAC_Handler                                      src/ASF/sam/utils/cmsis/sam3x/source/templates/exceptions.o
                                                  src/ASF/sam/utils/cmsis/sam3x/source/templates/gcc/startup_sam3x.o
DebugMon_Handler                                  src/ASF/sam/utils/cmsis/sam3x/source/templates/exceptions.o
                                                  src/ASF/sam/utils/cmsis/sam3x/source/templates/gcc/startup_sam3x.o
Dummy_Handler                                     src/ASF/sam/utils/cmsis/sam3x/source/templates/exceptions.o
EFC0_Handler                                      src/ASF/sam/utils/cmsis/sam3x/source/templates/exceptions.o
                                                  src/ASF/sam/utils/cmsis/sam3x/source/templates/gcc/startup_sam3x.o
EFC1_Handler                                      src/ASF/sam/utils/cmsis/sam3x/source/templates/exceptions.o
                                                  src/ASF/sam/utils/cmsis/sam3x/source/templates/gcc/startup_sam3x.o
EMAC_Handler                                      src/ASF/sam/utils/cmsis/sam3x/source/templates/exceptions.o
                                                  src/ASF/sam/utils/cmsis/sam3x/source/templates/gcc/startup_sam3x.o
HSMCI_Handler                                     src/ASF/sam/utils/cmsis/sam3x/source/templates/exceptions.o
                                                  src/ASF/sam/utils/cmsis/sam3x/source/templates/gcc/startup_sam3x.o
HardFault_Handler                                 src/ASF/sam/utils/cmsis/sam3x/source/templates/exceptions.o
                                                  src/ASF/sam/utils/cmsis/sam3x/source/templates/gcc/startup_sam3x.o
MemManage_Handler                                 src/ASF/sam/utils/cmsis/sam3x/source/templates/exceptions.o
                                                  src/ASF/sam/utils/cmsis/sam3x/source/templates/gcc/startup_sam3x.o
NMI_Handler                                       src/ASF/sam/utils/cmsis/sam3x/source/templates/exceptions.o
                                                  src/ASF/sam/utils/cmsis/sam3x/source/templates/gcc/startup_sam3x.o
PIOA_Handler                                      src/ASF/sam/drivers/pio/pio_handler.o
                                                  src/ASF/sam/utils/cmsis/sam3x/source/templates/gcc/startup_sam3x.o
PIOB_Handler                                      src/ASF/sam/drivers/pio/pio_handler.o
                                                  src/ASF/sam/utils/cmsis/sam3x/source/templates/gcc/startup_sam3x.o
PIOC_Handler                                      src/ASF/sam/drivers/pio/pio_handler.o
                                                  src/ASF/sam/utils/cmsis/sam3x/source/templates/gcc/startup_sam3x.o
PIOD_Handler                                      src/ASF/sam/drivers/pio/pio_handler.o
                                                  src/ASF/sam/utils/cmsis/sam3x/source/templates/gcc/startup_sam3x.o
PMC_Handler                                       src/ASF/sam/utils/cmsis/sam3x/source/templates/exceptions.o
                                                  src/ASF/sam/utils/cmsis/sam3x/source/templates/gcc/startup_sam3x.o
PWM_Handler                                       src/ASF/sam/utils/cmsis/sam3x/source/templates/exceptions.o
                                                  src/ASF/sam/utils/cmsis/sam3x/source/templates/gcc/startup_sam3x.o
PendSV_Handler                                    src/ASF/sam/utils/cmsis/sam3x/source/templates/exceptions.o
                                                  src/ASF/sam/utils/cmsis/sam3x/source/templates/gcc/startup_sam3x.o
RSTC_Handler                                      src/ASF/sam/utils/cmsis/sam3x/source/templates/exceptions.o
                                                  src/ASF/sam/utils/cmsis/sam3x/source/templates/gcc/startup_sam3x.o
RTC_Handler                                       src/ASF/sam/utils/cmsis/sam3x/source/templates/exceptions.o
                                                  src/ASF/sam/utils/cmsis/sam3x/source/templates/gcc/startup_sam3x.o
RTT_Handler                                       src/ASF/sam/utils/cmsis/sam3x/source/templates/exceptions.o
                                                  src/ASF/sam/utils/cmsis/sam3x/source/templates/gcc/startup_sam3x.o
Reset_Handler                                     src/ASF/sam/utils/cmsis/sam3x/source/templates/gcc/startup_sam3x.o
SMC_Handler                                       src/ASF/sam/utils/cmsis/sam3x/source/templates/exceptions.o
                                                  src/ASF/sam/utils/cmsis/sam3x/source/templates/gcc/startup_sam3x.o
SPI0_Handler                                      src/ASF/sam/utils/cmsis/sam3x/source/templates/exceptions.o
                                                  src/ASF/sam/utils/cmsis/sam3x/source/templates/gcc/startup_sam3x.o
SSC_Handler                                       src/ASF/sam/utils/cmsis/sam3x/source/templates/exceptions.o
                                                  src/ASF/sam/utils/cmsis/sam3x/source/templates/gcc/startup_sam3x.o
SUPC_Handler                                      src/ASF/sam/utils/cmsis/sam3x/source/templates/exceptions.o
                                                  src/ASF/sam/utils/cmsis/sam3x/source/templates/gcc/startup_sam3x.o
SVC_Handler                                       src/ASF/sam/utils/cmsis/sam3x/source/templates/exceptions.o
                                                  src/ASF/sam/utils/cmsis/sam3x/source/templates/gcc/startup_sam3x.o
SysTick_Handler                                   src/ASF/sam/utils/cmsis/sam3x/source/templates/exceptions.o
                                                  src/ASF/sam/utils/cmsis/sam3x/source/templates/gcc/startup_sam3x.o
SystemCoreClock                                   src/ASF/sam/utils/cmsis/sam3x/source/templates/system_sam3x.o
SystemCoreClockUpdate                             src/ASF/sam/utils/cmsis/sam3x/source/templates/system_sam3x.o
                                                  src/ASF/common/services/clock/sam3x/sysclk.o
SystemInit                                        src/ASF/sam/utils/cmsis/sam3x/source/templates/system_sam3x.o
TC0_Handler                                       src/ASF/sam/utils/cmsis/sam3x/source/templates/exceptions.o
                                                  src/ASF/sam/utils/cmsis/sam3x/source/templates/gcc/startup_sam3x.o
TC1_Handler                                       src/ASF/sam/utils/cmsis/sam3x/source/templates/exceptions.o
                                                  src/ASF/sam/utils/cmsis/sam3x/source/templates/gcc/startup_sam3x.o
TC2_Handler                                       src/ASF/sam/utils/cmsis/sam3x/source/templates/exceptions.o
                                                  src/ASF/sam/utils/cmsis/sam3x/source/templates/gcc/startup_sam3x.o
TC3_Handler                                       src/ASF/sam/utils/cmsis/sam3x/source/templates/exceptions.o
                                                  src/ASF/sam/utils/cmsis/sam3x/source/templates/gcc/startup_sam3x.o
TC4_Handler                                       src/ASF/sam/utils/cmsis/sam3x/source/templates/exceptions.o
                                                  src/ASF/sam/utils/cmsis/sam3x/source/templates/gcc/startup_sam3x.o
TC5_Handler                                       src/ASF/sam/utils/cmsis/sam3x/source/templates/exceptions.o
                                                  src/ASF/sam/utils/cmsis/sam3x/source/templates/gcc/startup_sam3x.o
TC6_Handler                                       src/ASF/sam/utils/cmsis/sam3x/source/templates/exceptions.o
                                                  src/ASF/sam/utils/cmsis/sam3x/source/templates/gcc/startup_sam3x.o
TC7_Handler                                       src/ASF/sam/utils/cmsis/sam3x/source/templates/exceptions.o
                                                  src/ASF/sam/utils/cmsis/sam3x/source/templates/gcc/startup_sam3x.o
TC8_Handler                                       src/ASF/sam/utils/cmsis/sam3x/source/templates/exceptions.o
                                                  src/ASF/sam/utils/cmsis/sam3x/source/templates/gcc/startup_sam3x.o
TRNG_Handler                                      src/ASF/sam/utils/cmsis/sam3x/source/templates/exceptions.o
                                                  src/ASF/sam/utils/cmsis/sam3x/source/templates/gcc/startup_sam3x.o
TWI0_Handler                                      src/ASF/sam/utils/cmsis/sam3x/source/templates/exceptions.o
                                                  src/ASF/sam/utils/cmsis/sam3x/source/templates/gcc/startup_sam3x.o
TWI1_Handler                                      src/ASF/sam/utils/cmsis/sam3x/source/templates/exceptions.o
                                                  src/ASF/sam/utils/cmsis/sam3x/source/templates/gcc/startup_sam3x.o
UART_Handler                                      src/ASF/sam/utils/cmsis/sam3x/source/templates/exceptions.o
                                                  src/ASF/sam/utils/cmsis/sam3x/source/templates/gcc/startup_sam3x.o
UOTGHS_Handler                                    src/ASF/sam/utils/cmsis/sam3x/source/templates/exceptions.o
                                                  src/ASF/sam/utils/cmsis/sam3x/source/templates/gcc/startup_sam3x.o
USART0_Handler                                    src/ASF/sam/utils/cmsis/sam3x/source/templates/exceptions.o
                                                  src/ASF/sam/utils/cmsis/sam3x/source/templates/gcc/startup_sam3x.o
USART1_Handler                                    src/ASF/sam/utils/cmsis/sam3x/source/templates/exceptions.o
                                                  src/ASF/sam/utils/cmsis/sam3x/source/templates/gcc/startup_sam3x.o
USART2_Handler                                    src/ASF/sam/utils/cmsis/sam3x/source/templates/exceptions.o
                                                  src/ASF/sam/utils/cmsis/sam3x/source/templates/gcc/startup_sam3x.o
USART3_Handler                                    src/ASF/sam/utils/cmsis/sam3x/source/templates/exceptions.o
                                                  src/ASF/sam/utils/cmsis/sam3x/source/templates/gcc/startup_sam3x.o
UsageFault_Handler                                src/ASF/sam/utils/cmsis/sam3x/source/templates/exceptions.o
                                                  src/ASF/sam/utils/cmsis/sam3x/source/templates/gcc/startup_sam3x.o
WDT_Handler                                       src/ASF/sam/utils/cmsis/sam3x/source/templates/exceptions.o
                                                  src/ASF/sam/utils/cmsis/sam3x/source/templates/gcc/startup_sam3x.o
_Jv_RegisterClasses                               c:/program files (x86)/atmel/studio/7.0/toolchain/arm/arm-gnu-toolchain/bin/../lib/gcc/arm-none-eabi/5.3.1/armv7-m/crtbegin.o
__bss_end__                                       c:/program files (x86)/atmel/studio/7.0/toolchain/arm/arm-gnu-toolchain/bin/../lib/gcc/arm-none-eabi/5.3.1/../../../../arm-none-eabi/lib/armv7-m/crt0.o
__bss_start__                                     c:/program files (x86)/atmel/studio/7.0/toolchain/arm/arm-gnu-toolchain/bin/../lib/gcc/arm-none-eabi/5.3.1/../../../../arm-none-eabi/lib/armv7-m/crt0.o
__call_exitprocs                                  c:/program files (x86)/atmel/studio/7.0/toolchain/arm/arm-gnu-toolchain/bin/../lib/gcc/arm-none-eabi/5.3.1/../../../../arm-none-eabi/lib/armv7-m\libc.a(lib_a-__call_atexit.o)
                                                  c:/program files (x86)/atmel/studio/7.0/toolchain/arm/arm-gnu-toolchain/bin/../lib/gcc/arm-none-eabi/5.3.1/../../../../arm-none-eabi/lib/armv7-m\libc.a(lib_a-exit.o)
__deregister_frame_info                           c:/program files (x86)/atmel/studio/7.0/toolchain/arm/arm-gnu-toolchain/bin/../lib/gcc/arm-none-eabi/5.3.1/armv7-m/crtbegin.o
__dso_handle                                      c:/program files (x86)/atmel/studio/7.0/toolchain/arm/arm-gnu-toolchain/bin/../lib/gcc/arm-none-eabi/5.3.1/armv7-m/crtbegin.o
__fini_array_end                                  c:/program files (x86)/atmel/studio/7.0/toolchain/arm/arm-gnu-toolchain/bin/../lib/gcc/arm-none-eabi/5.3.1/../../../../arm-none-eabi/lib/armv7-m\libc.a(lib_a-fini.o)
__fini_array_start                                c:/program files (x86)/atmel/studio/7.0/toolchain/arm/arm-gnu-toolchain/bin/../lib/gcc/arm-none-eabi/5.3.1/../../../../arm-none-eabi/lib/armv7-m\libc.a(lib_a-fini.o)
__init_array_end                                  c:/program files (x86)/atmel/studio/7.0/toolchain/arm/arm-gnu-toolchain/bin/../lib/gcc/arm-none-eabi/5.3.1/../../../../arm-none-eabi/lib/armv7-m\libc.a(lib_a-init.o)
__init_array_start                                c:/program files (x86)/atmel/studio/7.0/toolchain/arm/arm-gnu-toolchain/bin/../lib/gcc/arm-none-eabi/5.3.1/../../../../arm-none-eabi/lib/armv7-m\libc.a(lib_a-init.o)
__libc_fini                                       c:/program files (x86)/atmel/studio/7.0/toolchain/arm/arm-gnu-toolchain/bin/../lib/gcc/arm-none-eabi/5.3.1/../../../../arm-none-eabi/lib/armv7-m\libc.a(lib_a-__call_atexit.o)
__libc_fini_array                                 c:/program files (x86)/atmel/studio/7.0/toolchain/arm/arm-gnu-toolchain/bin/../lib/gcc/arm-none-eabi/5.3.1/../../../../arm-none-eabi/lib/armv7-m\libc.a(lib_a-fini.o)
                                                  c:/program files (x86)/atmel/studio/7.0/toolchain/arm/arm-gnu-toolchain/bin/../lib/gcc/arm-none-eabi/5.3.1/../../../../arm-none-eabi/lib/armv7-m\libc.a(lib_a-__call_atexit.o)
                                                  c:/program files (x86)/atmel/studio/7.0/toolchain/arm/arm-gnu-toolchain/bin/../lib/gcc/arm-none-eabi/5.3.1/../../../../arm-none-eabi/lib/armv7-m/crt0.o
__libc_init_array                                 c:/program files (x86)/atmel/studio/7.0/toolchain/arm/arm-gnu-toolchain/bin/../lib/gcc/arm-none-eabi/5.3.1/../../../../arm-none-eabi/lib/armv7-m\libc.a(lib_a-init.o)
                                                  src/ASF/sam/utils/cmsis/sam3x/source/templates/gcc/startup_sam3x.o
                                                  c:/program files (x86)/atmel/studio/7.0/toolchain/arm/arm-gnu-toolchain/bin/../lib/gcc/arm-none-eabi/5.3.1/../../../../arm-none-eabi/lib/armv7-m/crt0.o
__preinit_array_end                               c:/program files (x86)/atmel/studio/7.0/toolchain/arm/arm-gnu-toolchain/bin/../lib/gcc/arm-none-eabi/5.3.1/../../../../arm-none-eabi/lib/armv7-m\libc.a(lib_a-init.o)
__preinit_array_start                             c:/program files (x86)/atmel/studio/7.0/toolchain/arm/arm-gnu-toolchain/bin/../lib/gcc/arm-none-eabi/5.3.1/../../../../arm-none-eabi/lib/armv7-m\libc.a(lib_a-init.o)
__ram_end__                                       src/ASF/sam/utils/syscalls/gcc/syscalls.o
__register_exitproc                               c:/program files (x86)/atmel/studio/7.0/toolchain/arm/arm-gnu-toolchain/bin/../lib/gcc/arm-none-eabi/5.3.1/../../../../arm-none-eabi/lib/armv7-m\libc.a(lib_a-__atexit.o)
                                                  c:/program files (x86)/atmel/studio/7.0/toolchain/arm/arm-gnu-toolchain/bin/../lib/gcc/arm-none-eabi/5.3.1/../../../../arm-none-eabi/lib/armv7-m\libc.a(lib_a-atexit.o)
__register_frame_info                             c:/program files (x86)/atmel/studio/7.0/toolchain/arm/arm-gnu-toolchain/bin/../lib/gcc/arm-none-eabi/5.3.1/armv7-m/crtbegin.o
__stack                                           c:/program files (x86)/atmel/studio/7.0/toolchain/arm/arm-gnu-toolchain/bin/../lib/gcc/arm-none-eabi/5.3.1/../../../../arm-none-eabi/lib/armv7-m/crt0.o
_close                                            src/ASF/sam/utils/syscalls/gcc/syscalls.o
_end                                              src/ASF/sam/utils/syscalls/gcc/syscalls.o
_erelocate                                        src/ASF/sam/utils/cmsis/sam3x/source/templates/gcc/startup_sam3x.o
_estack                                           src/ASF/sam/utils/cmsis/sam3x/source/templates/gcc/startup_sam3x.o
_etext                                            src/ASF/sam/utils/cmsis/sam3x/source/templates/gcc/startup_sam3x.o
_exit                                             src/ASF/sam/utils/syscalls/gcc/syscalls.o
                                                  c:/program files (x86)/atmel/studio/7.0/toolchain/arm/arm-gnu-toolchain/bin/../lib/gcc/arm-none-eabi/5.3.1/../../../../arm-none-eabi/lib/armv7-m\libc.a(lib_a-exit.o)
_ezero                                            src/ASF/sam/utils/cmsis/sam3x/source/templates/gcc/startup_sam3x.o
_fini                                             c:/program files (x86)/atmel/studio/7.0/toolchain/arm/arm-gnu-toolchain/bin/../lib/gcc/arm-none-eabi/5.3.1/armv7-m/crti.o
                                                  c:/program files (x86)/atmel/studio/7.0/toolchain/arm/arm-gnu-toolchain/bin/../lib/gcc/arm-none-eabi/5.3.1/../../../../arm-none-eabi/lib/armv7-m\libc.a(lib_a-fini.o)
_fstat                                            src/ASF/sam/utils/syscalls/gcc/syscalls.o
_getpid                                           src/ASF/sam/utils/syscalls/gcc/syscalls.o
_global_impure_ptr                                c:/program files (x86)/atmel/studio/7.0/toolchain/arm/arm-gnu-toolchain/bin/../lib/gcc/arm-none-eabi/5.3.1/../../../../arm-none-eabi/lib/armv7-m\libc.a(lib_a-impure.o)
                                                  c:/program files (x86)/atmel/studio/7.0/toolchain/arm/arm-gnu-toolchain/bin/../lib/gcc/arm-none-eabi/5.3.1/../../../../arm-none-eabi/lib/armv7-m\libc.a(lib_a-__atexit.o)
                                                  c:/program files (x86)/atmel/studio/7.0/toolchain/arm/arm-gnu-toolchain/bin/../lib/gcc/arm-none-eabi/5.3.1/../../../../arm-none-eabi/lib/armv7-m\libc.a(lib_a-__call_atexit.o)
                                                  c:/program files (x86)/atmel/studio/7.0/toolchain/arm/arm-gnu-toolchain/bin/../lib/gcc/arm-none-eabi/5.3.1/../../../../arm-none-eabi/lib/armv7-m\libc.a(lib_a-exit.o)
_impure_ptr                                       c:/program files (x86)/atmel/studio/7.0/toolchain/arm/arm-gnu-toolchain/bin/../lib/gcc/arm-none-eabi/5.3.1/../../../../arm-none-eabi/lib/armv7-m\libc.a(lib_a-impure.o)
_init                                             c:/program files (x86)/atmel/studio/7.0/toolchain/arm/arm-gnu-toolchain/bin/../lib/gcc/arm-none-eabi/5.3.1/armv7-m/crti.o
                                                  c:/program files (x86)/atmel/studio/7.0/toolchain/arm/arm-gnu-toolchain/bin/../lib/gcc/arm-none-eabi/5.3.1/../../../../arm-none-eabi/lib/armv7-m\libc.a(lib_a-init.o)
_isatty                                           src/ASF/sam/utils/syscalls/gcc/syscalls.o
_kill                                             src/ASF/sam/utils/syscalls/gcc/syscalls.o
_lseek                                            src/ASF/sam/utils/syscalls/gcc/syscalls.o
_mainCRTStartup                                   c:/program files (x86)/atmel/studio/7.0/toolchain/arm/arm-gnu-toolchain/bin/../lib/gcc/arm-none-eabi/5.3.1/../../../../arm-none-eabi/lib/armv7-m/crt0.o
_sbrk                                             src/ASF/sam/utils/syscalls/gcc/syscalls.o
_sfixed                                           src/ASF/sam/utils/cmsis/sam3x/source/templates/gcc/startup_sam3x.o
_srelocate                                        src/ASF/sam/utils/cmsis/sam3x/source/templates/gcc/startup_sam3x.o
_start                                            c:/program files (x86)/atmel/studio/7.0/toolchain/arm/arm-gnu-toolchain/bin/../lib/gcc/arm-none-eabi/5.3.1/../../../../arm-none-eabi/lib/armv7-m/crt0.o
_szero                                            src/ASF/sam/utils/cmsis/sam3x/source/templates/gcc/startup_sam3x.o
atexit                                            c:/program files (x86)/atmel/studio/7.0/toolchain/arm/arm-gnu-toolchain/bin/../lib/gcc/arm-none-eabi/5.3.1/../../../../arm-none-eabi/lib/armv7-m\libc.a(lib_a-atexit.o)
                                                  c:/program files (x86)/atmel/studio/7.0/toolchain/arm/arm-gnu-toolchain/bin/../lib/gcc/arm-none-eabi/5.3.1/../../../../arm-none-eabi/lib/armv7-m\libc.a(lib_a-__call_atexit.o)
                                                  c:/program files (x86)/atmel/studio/7.0/toolchain/arm/arm-gnu-toolchain/bin/../lib/gcc/arm-none-eabi/5.3.1/../../../../arm-none-eabi/lib/armv7-m/crt0.o
board_init                                        src/ASF/sam/boards/arduino_due_x/init.o
                                                  src/main.o
can0_mailbox                                      src/main.o
                                                  src/ASF/sam/boards/arduino_due_x/init.o
                                                  src/can_driver.o
can1_mailbox                                      src/main.o
                                                  src/ASF/sam/boards/arduino_due_x/init.o
                                                  src/can_driver.o
can_bit_time                                      src/ASF/sam/drivers/can/can.o
can_disable                                       src/ASF/sam/drivers/can/can.o
can_disable_autobaud_listen_mode                  src/ASF/sam/drivers/can/can.o
can_disable_interrupt                             src/ASF/sam/drivers/can/can.o
                                                  src/can_driver.o
can_disable_low_power_mode                        src/ASF/sam/drivers/can/can.o
can_disable_overload_frame                        src/ASF/sam/drivers/can/can.o
can_disable_time_triggered_mode                   src/ASF/sam/drivers/can/can.o
can_disable_timer_freeze                          src/ASF/sam/drivers/can/can.o
can_disable_tx_repeat                             src/ASF/sam/drivers/can/can.o
can_enable                                        src/ASF/sam/drivers/can/can.o
can_enable_autobaud_listen_mode                   src/ASF/sam/drivers/can/can.o
can_enable_interrupt                              src/ASF/sam/drivers/can/can.o
                                                  src/can_driver.o
can_enable_low_power_mode                         src/ASF/sam/drivers/can/can.o
can_enable_overload_frame                         src/ASF/sam/drivers/can/can.o
can_enable_time_triggered_mode                    src/ASF/sam/drivers/can/can.o
can_enable_timer_freeze                           src/ASF/sam/drivers/can/can.o
can_enable_tx_repeat                              src/ASF/sam/drivers/can/can.o
can_get_internal_timer_value                      src/ASF/sam/drivers/can/can.o
can_get_interrupt_mask                            src/ASF/sam/drivers/can/can.o
can_get_rx_error_cnt                              src/ASF/sam/drivers/can/can.o
can_get_status                                    src/ASF/sam/drivers/can/can.o
can_get_timestamp_value                           src/ASF/sam/drivers/can/can.o
can_get_tx_error_cnt                              src/ASF/sam/drivers/can/can.o
can_global_send_abort_cmd                         src/ASF/sam/drivers/can/can.o
can_global_send_transfer_cmd                      src/ASF/sam/drivers/can/can.o
                                                  src/main.o
can_init                                          src/ASF/sam/drivers/can/can.o
                                                  src/can_driver.o
can_init_asf                                      src/can_driver.o
                                                  src/main.o
can_initialize                                    src/can_driver.o
can_mailbox_get_status                            src/ASF/sam/drivers/can/can.o
can_mailbox_init                                  src/ASF/sam/drivers/can/can.o
                                                  src/can_driver.o
can_mailbox_read                                  src/ASF/sam/drivers/can/can.o
can_mailbox_send_abort_cmd                        src/ASF/sam/drivers/can/can.o
can_mailbox_send_transfer_cmd                     src/ASF/sam/drivers/can/can.o
can_mailbox_set_timemark                          src/ASF/sam/drivers/can/can.o
can_mailbox_tx_remote_frame                       src/ASF/sam/drivers/can/can.o
can_mailbox_write                                 src/ASF/sam/drivers/can/can.o
                                                  src/can_driver.o
can_make_mailbox                                  src/can_driver.o
can_reset_all_mailbox                             src/ASF/sam/drivers/can/can.o
                                                  src/can_driver.o
can_reset_internal_timer                          src/ASF/sam/drivers/can/can.o
can_send                                          src/can_driver.o
                                                  src/main.o
can_set_rx_sync_stage                             src/ASF/sam/drivers/can/can.o
can_set_timestamp_capture_point                   src/ASF/sam/drivers/can/can.o
cpu_irq_enter_critical                            src/ASF/common/utils/interrupt/interrupt_sam_nvic.o
cpu_irq_leave_critical                            src/ASF/common/utils/interrupt/interrupt_sam_nvic.o
exception_table                                   src/ASF/sam/utils/cmsis/sam3x/source/templates/gcc/startup_sam3x.o
exit                                              c:/program files (x86)/atmel/studio/7.0/toolchain/arm/arm-gnu-toolchain/bin/../lib/gcc/arm-none-eabi/5.3.1/../../../../arm-none-eabi/lib/armv7-m\libc.a(lib_a-exit.o)
                                                  c:/program files (x86)/atmel/studio/7.0/toolchain/arm/arm-gnu-toolchain/bin/../lib/gcc/arm-none-eabi/5.3.1/../../../../arm-none-eabi/lib/armv7-m/crt0.o
free                                              c:/program files (x86)/atmel/studio/7.0/toolchain/arm/arm-gnu-toolchain/bin/../lib/gcc/arm-none-eabi/5.3.1/../../../../arm-none-eabi/lib/armv7-m\libc.a(lib_a-__call_atexit.o)
g_interrupt_enabled                               src/ASF/common/utils/interrupt/interrupt_sam_nvic.o
                                                  src/ASF/sam/drivers/pmc/sleep.o
hardware_init_hook                                c:/program files (x86)/atmel/studio/7.0/toolchain/arm/arm-gnu-toolchain/bin/../lib/gcc/arm-none-eabi/5.3.1/../../../../arm-none-eabi/lib/armv7-m/crt0.o
link                                              src/ASF/sam/utils/syscalls/gcc/syscalls.o
main                                              src/main.o
                                                  src/ASF/sam/utils/cmsis/sam3x/source/templates/gcc/startup_sam3x.o
                                                  c:/program files (x86)/atmel/studio/7.0/toolchain/arm/arm-gnu-toolchain/bin/../lib/gcc/arm-none-eabi/5.3.1/../../../../arm-none-eabi/lib/armv7-m/crt0.o
malloc                                            c:/program files (x86)/atmel/studio/7.0/toolchain/arm/arm-gnu-toolchain/bin/../lib/gcc/arm-none-eabi/5.3.1/../../../../arm-none-eabi/lib/armv7-m\libc.a(lib_a-__atexit.o)
memset                                            c:/program files (x86)/atmel/studio/7.0/toolchain/arm/arm-gnu-toolchain/bin/../lib/gcc/arm-none-eabi/5.3.1/../../../../arm-none-eabi/lib/armv7-m\libc.a(lib_a-memset.o)
                                                  c:/program files (x86)/atmel/studio/7.0/toolchain/arm/arm-gnu-toolchain/bin/../lib/gcc/arm-none-eabi/5.3.1/../../../../arm-none-eabi/lib/armv7-m/crt0.o
pio_clear                                         src/ASF/sam/drivers/pio/pio.o
pio_configure                                     src/ASF/sam/drivers/pio/pio.o
pio_configure_interrupt                           src/ASF/sam/drivers/pio/pio.o
                                                  src/ASF/sam/drivers/pio/pio_handler.o
pio_configure_pin                                 src/ASF/sam/drivers/pio/pio.o
                                                  src/ASF/sam/boards/arduino_due_x/init.o
pio_configure_pin_group                           src/ASF/sam/drivers/pio/pio.o
                                                  src/ASF/sam/boards/arduino_due_x/init.o
pio_disable_interrupt                             src/ASF/sam/drivers/pio/pio.o
                                                  src/ASF/sam/drivers/pio/pio_handler.o
pio_disable_output_write                          src/ASF/sam/drivers/pio/pio.o
pio_disable_pin_interrupt                         src/ASF/sam/drivers/pio/pio.o
pio_enable_interrupt                              src/ASF/sam/drivers/pio/pio.o
                                                  src/ASF/sam/drivers/pio/pio_handler.o
pio_enable_output_write                           src/ASF/sam/drivers/pio/pio.o
pio_enable_pin_interrupt                          src/ASF/sam/drivers/pio/pio.o
pio_get                                           src/ASF/sam/drivers/pio/pio.o
pio_get_interrupt_mask                            src/ASF/sam/drivers/pio/pio.o
                                                  src/ASF/sam/drivers/pio/pio_handler.o
pio_get_interrupt_status                          src/ASF/sam/drivers/pio/pio.o
                                                  src/ASF/sam/drivers/pio/pio_handler.o
pio_get_multi_driver_status                       src/ASF/sam/drivers/pio/pio.o
pio_get_output_data_status                        src/ASF/sam/drivers/pio/pio.o
pio_get_output_write_status                       src/ASF/sam/drivers/pio/pio.o
pio_get_pin_group                                 src/ASF/sam/drivers/pio/pio.o
                                                  src/ASF/sam/drivers/pio/pio_handler.o
pio_get_pin_group_id                              src/ASF/sam/drivers/pio/pio.o
                                                  src/ASF/sam/drivers/pio/pio_handler.o
pio_get_pin_group_mask                            src/ASF/sam/drivers/pio/pio.o
                                                  src/ASF/sam/drivers/pio/pio_handler.o
pio_get_pin_value                                 src/ASF/sam/drivers/pio/pio.o
pio_get_writeprotect_status                       src/ASF/sam/drivers/pio/pio.o
pio_handler_process                               src/ASF/sam/drivers/pio/pio_handler.o
pio_handler_set                                   src/ASF/sam/drivers/pio/pio_handler.o
pio_handler_set_pin                               src/ASF/sam/drivers/pio/pio_handler.o
pio_handler_set_priority                          src/ASF/sam/drivers/pio/pio_handler.o
pio_pull_up                                       src/ASF/sam/drivers/pio/pio.o
pio_set                                           src/ASF/sam/drivers/pio/pio.o
pio_set_additional_interrupt_mode                 src/ASF/sam/drivers/pio/pio.o
pio_set_debounce_filter                           src/ASF/sam/drivers/pio/pio.o
pio_set_input                                     src/ASF/sam/drivers/pio/pio.o
pio_set_multi_driver                              src/ASF/sam/drivers/pio/pio.o
pio_set_output                                    src/ASF/sam/drivers/pio/pio.o
pio_set_peripheral                                src/ASF/sam/drivers/pio/pio.o
pio_set_pin_group_high                            src/ASF/sam/drivers/pio/pio.o
pio_set_pin_group_low                             src/ASF/sam/drivers/pio/pio.o
pio_set_pin_high                                  src/ASF/sam/drivers/pio/pio.o
pio_set_pin_low                                   src/ASF/sam/drivers/pio/pio.o
pio_set_writeprotect                              src/ASF/sam/drivers/pio/pio.o
pio_sync_output_write                             src/ASF/sam/drivers/pio/pio.o
pio_toggle_pin                                    src/ASF/sam/drivers/pio/pio.o
pio_toggle_pin_group                              src/ASF/sam/drivers/pio/pio.o
pmc_clr_fast_startup_input                        src/ASF/sam/drivers/pmc/pmc.o
pmc_disable_all_pck                               src/ASF/sam/drivers/pmc/pmc.o
pmc_disable_all_periph_clk                        src/ASF/sam/drivers/pmc/pmc.o
pmc_disable_clock_failure_detector                src/ASF/sam/drivers/pmc/pmc.o
pmc_disable_interrupt                             src/ASF/sam/drivers/pmc/pmc.o
pmc_disable_pck                                   src/ASF/sam/drivers/pmc/pmc.o
pmc_disable_periph_clk                            src/ASF/sam/drivers/pmc/pmc.o
pmc_disable_pllack                                src/ASF/sam/drivers/pmc/pmc.o
                                                  src/ASF/sam/drivers/pmc/sleep.o
                                                  src/ASF/common/services/clock/sam3x/sysclk.o
pmc_disable_udpck                                 src/ASF/sam/drivers/pmc/pmc.o
                                                  src/ASF/common/services/clock/sam3x/sysclk.o
pmc_disable_upll_clock                            src/ASF/sam/drivers/pmc/pmc.o
                                                  src/ASF/sam/drivers/pmc/sleep.o
pmc_enable_all_pck                                src/ASF/sam/drivers/pmc/pmc.o
pmc_enable_all_periph_clk                         src/ASF/sam/drivers/pmc/pmc.o
pmc_enable_backupmode                             src/ASF/sam/drivers/pmc/pmc.o
pmc_enable_clock_failure_detector                 src/ASF/sam/drivers/pmc/pmc.o
pmc_enable_interrupt                              src/ASF/sam/drivers/pmc/pmc.o
pmc_enable_pck                                    src/ASF/sam/drivers/pmc/pmc.o
pmc_enable_periph_clk                             src/ASF/sam/drivers/pmc/pmc.o
                                                  src/ASF/sam/boards/arduino_due_x/init.o
                                                  src/can_driver.o
pmc_enable_pllack                                 src/ASF/sam/drivers/pmc/pmc.o
pmc_enable_sleepmode                              src/ASF/sam/drivers/pmc/pmc.o
pmc_enable_udpck                                  src/ASF/sam/drivers/pmc/pmc.o
                                                  src/ASF/common/services/clock/sam3x/sysclk.o
pmc_enable_upll_clock                             src/ASF/sam/drivers/pmc/pmc.o
                                                  src/ASF/common/services/clock/sam3x/sysclk.o
pmc_enable_waitmode                               src/ASF/sam/drivers/pmc/pmc.o
                                                  src/ASF/sam/drivers/pmc/sleep.o
pmc_get_interrupt_mask                            src/ASF/sam/drivers/pmc/pmc.o
pmc_get_status                                    src/ASF/sam/drivers/pmc/pmc.o
pmc_get_writeprotect_status                       src/ASF/sam/drivers/pmc/pmc.o
pmc_is_locked_pllack                              src/ASF/sam/drivers/pmc/pmc.o
                                                  src/ASF/common/services/clock/sam3x/sysclk.o
pmc_is_locked_upll                                src/ASF/sam/drivers/pmc/pmc.o
pmc_is_pck_enabled                                src/ASF/sam/drivers/pmc/pmc.o
pmc_is_periph_clk_enabled                         src/ASF/sam/drivers/pmc/pmc.o
pmc_is_wakeup_clocks_restored                     src/ASF/sam/drivers/pmc/sleep.o
pmc_mainck_osc_select                             src/ASF/sam/drivers/pmc/pmc.o
pmc_mck_set_prescaler                             src/ASF/sam/drivers/pmc/pmc.o
                                                  src/ASF/common/services/clock/sam3x/sysclk.o
pmc_mck_set_source                                src/ASF/sam/drivers/pmc/pmc.o
                                                  src/ASF/common/services/clock/sam3x/sysclk.o
pmc_osc_bypass_main_xtal                          src/ASF/sam/drivers/pmc/pmc.o
pmc_osc_disable_fastrc                            src/ASF/sam/drivers/pmc/pmc.o
pmc_osc_disable_main_xtal                         src/ASF/sam/drivers/pmc/pmc.o
pmc_osc_disable_xtal                              src/ASF/sam/drivers/pmc/pmc.o
pmc_osc_enable_fastrc                             src/ASF/sam/drivers/pmc/pmc.o
pmc_osc_enable_main_xtal                          src/ASF/sam/drivers/pmc/pmc.o
pmc_osc_is_bypassed_main_xtal                     src/ASF/sam/drivers/pmc/pmc.o
pmc_osc_is_ready_32kxtal                          src/ASF/sam/drivers/pmc/pmc.o
pmc_osc_is_ready_fastrc                           src/ASF/sam/drivers/pmc/pmc.o
pmc_osc_is_ready_main_xtal                        src/ASF/sam/drivers/pmc/pmc.o
pmc_osc_is_ready_mainck                           src/ASF/sam/drivers/pmc/pmc.o
                                                  src/ASF/common/services/clock/sam3x/sysclk.o
pmc_pck_set_prescaler                             src/ASF/sam/drivers/pmc/pmc.o
pmc_pck_set_source                                src/ASF/sam/drivers/pmc/pmc.o
pmc_set_fast_startup_input                        src/ASF/sam/drivers/pmc/pmc.o
pmc_set_writeprotect                              src/ASF/sam/drivers/pmc/pmc.o
pmc_sleep                                         src/ASF/sam/drivers/pmc/sleep.o
pmc_switch_mainck_to_fastrc                       src/ASF/sam/drivers/pmc/pmc.o
pmc_switch_mainck_to_xtal                         src/ASF/sam/drivers/pmc/pmc.o
                                                  src/ASF/common/services/clock/sam3x/sysclk.o
pmc_switch_mck_to_mainck                          src/ASF/sam/drivers/pmc/pmc.o
pmc_switch_mck_to_pllack                          src/ASF/sam/drivers/pmc/pmc.o
                                                  src/ASF/common/services/clock/sam3x/sysclk.o
pmc_switch_mck_to_sclk                            src/ASF/sam/drivers/pmc/pmc.o
pmc_switch_mck_to_upllck                          src/ASF/sam/drivers/pmc/pmc.o
pmc_switch_pck_to_mainck                          src/ASF/sam/drivers/pmc/pmc.o
pmc_switch_pck_to_mck                             src/ASF/sam/drivers/pmc/pmc.o
pmc_switch_pck_to_pllack                          src/ASF/sam/drivers/pmc/pmc.o
pmc_switch_pck_to_sclk                            src/ASF/sam/drivers/pmc/pmc.o
pmc_switch_pck_to_upllck                          src/ASF/sam/drivers/pmc/pmc.o
pmc_switch_sclk_to_32kxtal                        src/ASF/sam/drivers/pmc/pmc.o
pmc_switch_udpck_to_pllack                        src/ASF/sam/drivers/pmc/pmc.o
pmc_switch_udpck_to_upllck                        src/ASF/sam/drivers/pmc/pmc.o
                                                  src/ASF/common/services/clock/sam3x/sysclk.o
pmc_wait_wakeup_clocks_restore                    src/ASF/sam/drivers/pmc/sleep.o
reset_mailbox_conf                                src/can_driver.o
setup_mb                                          src/main.o
                                                  src/ASF/sam/boards/arduino_due_x/init.o
                                                  src/can_driver.o
sn65hvd234_disable                                src/ASF/sam/components/can/sn65hvd234.o
sn65hvd234_disable_low_power                      src/ASF/sam/components/can/sn65hvd234.o
sn65hvd234_enable                                 src/ASF/sam/components/can/sn65hvd234.o
sn65hvd234_enable_low_power                       src/ASF/sam/components/can/sn65hvd234.o
sn65hvd234_set_en                                 src/ASF/sam/components/can/sn65hvd234.o
sn65hvd234_set_rs                                 src/ASF/sam/components/can/sn65hvd234.o
software_init_hook                                c:/program files (x86)/atmel/studio/7.0/toolchain/arm/arm-gnu-toolchain/bin/../lib/gcc/arm-none-eabi/5.3.1/../../../../arm-none-eabi/lib/armv7-m/crt0.o
sysclk_disable_usb                                src/ASF/common/services/clock/sam3x/sysclk.o
sysclk_enable_usb                                 src/ASF/common/services/clock/sam3x/sysclk.o
sysclk_init                                       src/ASF/common/services/clock/sam3x/sysclk.o
                                                  src/main.o
sysclk_set_prescalers                             src/ASF/common/services/clock/sam3x/sysclk.o
sysclk_set_source                                 src/ASF/common/services/clock/sam3x/sysclk.o
system_init_flash                                 src/ASF/sam/utils/cmsis/sam3x/source/templates/system_sam3x.o
                                                  src/ASF/common/services/clock/sam3x/sysclk.o
tx_mb                                             src/main.o
                                                  src/ASF/sam/boards/arduino_due_x/init.o
                                                  src/can_driver.o
